  Determining projects to restore...
  All projects are up-to-date for restore.
CSC : warning CS9057: The analyzer assembly 'C:\Users\maddi\.nuget\packages\microsoft.aspnetcore.openapi\10.0.1\analyzers\dotnet\cs\Microsoft.AspNetCore.OpenApi.SourceGenerators.dll' references version '4.13.0.0' of the compiler, which is newer than the currently running version '4.11.0.0'. [C:\Users\maddi\OneDrive\Documents\my_projects\healthbot\HealthBot.Api\HealthBot.Api.csproj]
C:\Users\maddi\OneDrive\Documents\my_projects\healthbot\HealthBot.Api\RagService.cs(17,14): error CS0103: The name 'DocumentStore' does not exist in the current context [C:\Users\maddi\OneDrive\Documents\my_projects\healthbot\HealthBot.Api\HealthBot.Api.csproj]
C:\Users\maddi\OneDrive\Documents\my_projects\healthbot\HealthBot.Api\RagService.cs(20,23): error CS0103: The name 'DocumentStore' does not exist in the current context [C:\Users\maddi\OneDrive\Documents\my_projects\healthbot\HealthBot.Api\HealthBot.Api.csproj]

Build FAILED.

CSC : warning CS9057: The analyzer assembly 'C:\Users\maddi\.nuget\packages\microsoft.aspnetcore.openapi\10.0.1\analyzers\dotnet\cs\Microsoft.AspNetCore.OpenApi.SourceGenerators.dll' references version '4.13.0.0' of the compiler, which is newer than the currently running version '4.11.0.0'. [C:\Users\maddi\OneDrive\Documents\my_projects\healthbot\HealthBot.Api\HealthBot.Api.csproj]
C:\Users\maddi\OneDrive\Documents\my_projects\healthbot\HealthBot.Api\RagService.cs(17,14): error CS0103: The name 'DocumentStore' does not exist in the current context [C:\Users\maddi\OneDrive\Documents\my_projects\healthbot\HealthBot.Api\HealthBot.Api.csproj]
C:\Users\maddi\OneDrive\Documents\my_projects\healthbot\HealthBot.Api\RagService.cs(20,23): error CS0103: The name 'DocumentStore' does not exist in the current context [C:\Users\maddi\OneDrive\Documents\my_projects\healthbot\HealthBot.Api\HealthBot.Api.csproj]
    1 Warning(s)
    2 Error(s)

Time Elapsed 00:00:02.19
