C:\Users\maddi\OneDrive\Documents\my_projects\healthbot\HealthBot.Api\Program.cs(8,31): error CS0246: The type or namespace name 'IAIService' could not be found (are you missing a using directive or an assembly reference?) [C:\Users\maddi\OneDrive\Documents\my_projects\healthbot\HealthBot.Api\HealthBot.Api.csproj]
C:\Users\maddi\OneDrive\Documents\my_projects\healthbot\HealthBot.Api\Program.cs(8,43): error CS0246: The type or namespace name 'LocalLlmService' could not be found (are you missing a using directive or an assembly reference?) [C:\Users\maddi\OneDrive\Documents\my_projects\healthbot\HealthBot.Api\HealthBot.Api.csproj]
C:\Users\maddi\OneDrive\Documents\my_projects\healthbot\HealthBot.Api\Program.cs(9,31): error CS0246: The type or namespace name 'DynamoConversationMemory' could not be found (are you missing a using directive or an assembly reference?) [C:\Users\maddi\OneDrive\Documents\my_projects\healthbot\HealthBot.Api\HealthBot.Api.csproj]
C:\Users\maddi\OneDrive\Documents\my_projects\healthbot\HealthBot.Api\Program.cs(12,31): error CS0246: The type or namespace name 'TicketService' could not be found (are you missing a using directive or an assembly reference?) [C:\Users\maddi\OneDrive\Documents\my_projects\healthbot\HealthBot.Api\HealthBot.Api.csproj]

Build FAILED.
    3 Warning(s)
    4 Error(s)

Time Elapsed 00:00:02.22
